
WARNING  [INIT] : switch objects may not behave properly under FBS!

Core profiler results
======================

Total objects                831 objects
Parallelism                    1 thread
Total time                   1.0 seconds
  Core time                  0.8 seconds (82.6%)
    Compiler                 1.7 seconds (171.3%)
    Instances                0.0 seconds (0.0%)
    Random variables         0.0 seconds (0.0%)
    Schedules                0.0 seconds (0.0%)
    Loadshapes               0.0 seconds (0.0%)
    Enduses                  0.0 seconds (0.0%)
    Transforms               0.0 seconds (0.0%)
  Model time                 0.2 seconds/thread (17.4%)
Simulation time                0 days
Simulation speed               5 object.hours/second
Passes completed              11 passes
Time steps completed           3 timesteps
Convergence efficiency      3.67 passes/timestep
Read lock contention        0.0%
Write lock contention       0.0%
Average timestep              7 seconds/timestep
Simulation rate              20 x realtime


Model profiler results
======================

Class            Time (s) Time (%) msec/obj
---------------- -------- -------- --------
helics_msg         0.109     62.9%    109.4
climate            0.048     27.4%     47.7
load               0.002      1.4%      0.0
overhead_line      0.002      1.4%      0.0
triplex_node       0.002      1.4%      0.0
triplex_load       0.002      1.0%      0.0
transformer        0.002      0.9%      0.0
triplex_line       0.001      0.9%      0.0
triplex_meter      0.001      0.8%      0.0
node               0.001      0.4%      0.0
voltdump           0.001      0.4%      0.7
recorder           0.000      0.3%      0.0
currdump           0.000      0.2%      0.4
switch             0.000      0.2%      0.0
player             0.000      0.2%      0.0
regulator          0.000      0.1%      0.0
underground_line   0.000      0.1%      0.0
capacitor          0.000      0.1%      0.0
meter              0.000      0.0%      0.0
line_spacing       0.000      0.0%      0.0
transformer_conf   0.000      0.0%      0.0
triplex_line_con   0.000      0.0%      0.0
================ ======== ======== ========
Total              0.174    100.0%      0.2

WARNING  [2013-08-28 04:00:20 PST] : last warning message was repeated 15 times
